// Jest Snapshot v1, https://goo.gl/fbAQLP

exports[`SignUp or create account screen  renders correctly 1`] = `
<View
  style={
    Object {
      "alignItems": "center",
      "backgroundColor": "#1D1D27",
      "height": "100%",
      "width": "100%",
    }
  }
>
  <View
    style={
      Object {
        "bottom": "9%",
        "maxWidth": 350,
        "position": "absolute",
        "width": "85%",
      }
    }
  >
    <View>
      <View
        style={
          Object {
            "borderRadius": 25,
            "overflow": "hidden",
          }
        }
      >
        <View
          accessibilityRole="button"
          accessibilityState={
            Object {
              "busy": false,
              "disabled": false,
            }
          }
          accessible={true}
          focusable={true}
          onClick={[Function]}
          onResponderGrant={[Function]}
          onResponderMove={[Function]}
          onResponderRelease={[Function]}
          onResponderTerminate={[Function]}
          onResponderTerminationRequest={[Function]}
          onStartShouldSetResponder={[Function]}
          style={
            Object {
              "opacity": 1,
            }
          }
        >
          <View
            style={
              Object {
                "alignItems": "center",
                "backgroundColor": "#E15050",
                "borderColor": "#2089dc",
                "borderRadius": 25,
                "borderWidth": 0,
                "flexDirection": "row",
                "height": 50,
                "justifyContent": "center",
                "padding": 8,
              }
            }
          >
            <Text
              style={
                Object {
                  "color": "white",
                  "fontSize": 40,
                  "paddingVertical": 1,
                  "textAlign": "center",
                }
              }
            >
              Sign In
            </Text>
          </View>
        </View>
      </View>
      <View
        style={
          Object {
            "borderRadius": 25,
            "marginTop": 15,
            "overflow": "hidden",
          }
        }
      >
        <View
          accessibilityRole="button"
          accessibilityState={
            Object {
              "busy": false,
              "disabled": false,
            }
          }
          accessible={true}
          focusable={true}
          onClick={[Function]}
          onResponderGrant={[Function]}
          onResponderMove={[Function]}
          onResponderRelease={[Function]}
          onResponderTerminate={[Function]}
          onResponderTerminationRequest={[Function]}
          onStartShouldSetResponder={[Function]}
          style={
            Object {
              "opacity": 1,
            }
          }
        >
          <View
            style={
              Object {
                "alignItems": "center",
                "backgroundColor": "#2f2f3b",
                "borderColor": "#2089dc",
                "borderRadius": 25,
                "borderWidth": 0,
                "flexDirection": "row",
                "height": 50,
                "justifyContent": "center",
                "padding": 8,
              }
            }
          >
            <Text
              style={
                Object {
                  "color": "white",
                  "fontSize": 40,
                  "paddingVertical": 1,
                  "textAlign": "center",
                }
              }
            >
              Create Account
            </Text>
          </View>
        </View>
      </View>
    </View>
  </View>
</View>
`;
